// Jest Snapshot v1, https://goo.gl/fbAQLP

exports[`Button 1`] = `
<button
  class="btn btn-test btn--lg btn--primary"
>
  Button
</button>
`;
